// Jest Snapshot v1, https://goo.gl/fbAQLP

exports[`Examining the syntax of Jest tests should match the snapshot 1`] = `ShallowWrapper {}`;
