// Jest Snapshot v1, https://goo.gl/fbAQLP

exports[`Testing Game Component should match the snapshot 1`] = `ShallowWrapper {}`;
